// Jest Snapshot v1, https://goo.gl/fbAQLP

exports[`snapshot test 1`] = `
<div
  className="flex flex-column justify-center w-100 vh-100 bg-center cover pv4"
  style={
    Object {
      "backgroundImage": "url(n-i-c-403589-unsplash.jpg)",
    }
  }
>
  <div
    className="flex flex-auto flex-column justify-center items-center white"
  >
    <div
      className="f2"
    >
      Joel George V
    </div>
  </div>
  <div
    className="flex justify-center"
  >
    <a
      href="https://github.com/joelgeorgev"
    >
      <img
        alt="GitHub"
        src="github.svg"
      />
    </a>
  </div>
</div>
`;
