// Jest Snapshot v1, https://goo.gl/fbAQLP

exports[`snapshot test 1`] = `
<main
  className="bg-image bg-center cover"
  role="main"
>
  <section
    className="flex flex-column justify-center w-100 vh-100 pv4"
  >
    <div
      className="name  flex flex-auto flex-column 
      justify-center items-center white"
    >
      <div
        className="f2"
      >
        Joel George V
      </div>
    </div>
    <div
      className="down  flex justify-center"
    >
      <img
        alt="Down"
        src="down.svg"
      />
    </div>
  </section>
  <section
    className="flex flex-column justify-center w-100 vh-100 pv4"
  >
    <div
      className="appear  flex flex-column justify-center 
      items-center white ma4"
    >
      <div
        className="f3"
      >
        Say Hi!
      </div>
    </div>
    <div
      className="flex justify-center"
    >
      <a
        className="mh1 github "
        href="https://github.com/joelgeorgev"
      >
        <img
          alt="GitHub"
          src="github.svg"
        />
      </a>
      <a
        className="mh1 instagram "
        href="https://www.instagram.com/joelgeorgev"
      >
        <img
          alt="Instagram"
          src="instagram.svg"
        />
      </a>
      <a
        className="mh1 twitter "
        href="https://twitter.com/joelgeorgev"
      >
        <img
          alt="Twitter"
          src="twitter.svg"
        />
      </a>
    </div>
  </section>
</main>
`;
